Es wird erwartet , dass es um 75 Prozent oder mehr geht .
Zwei Memor@@ i@@ en werden nach Rücksprache mit den Eltern vorgeschlagen .
RA@@ D@@ DAT@@ Z : Sagen Sie uns also etwas über das , was wir heute Morgen auf Ihrem Schiff machen .
Aber nach einem &quot; vorsichtigen Versuch &quot; hat er schließlich den &quot; guten Kampf in dramatischer Mode &quot; aufgegeben .
