in Biarritz , however , there is also a need for a little vision .
we , as MEPs , at least also have a duty to encourage them , despite all the odds , to make advances as the messages we get from the public in our countries .
bearing in mind the events of recent times , the issue of petrol prices also seems to me to be particularly remarkable .
the Council is currently examining to what extent these mechanisms are included in Article 7 .
